# JDK命令工具

## jps
- 查看java进程信息
- 1 jps -l:输出主类全名，如果进程是jar，输出jar路径
20272 
20498 org.jetbrains.jps.cmdline.Launcher
58893 sun.tools.jps.Jps

- 2 jps -v：输出虚拟机进程启动时的jvm参数

## jstat
- 监控虚拟机运行状态的命令，主要可以查看虚拟机在某一个java进程下的gc参数。 如：年轻代 老年代 元数据的占用情况的数据
- jstat -gc 20498 250 10    250mm查询一次进程20498的虚拟机gc的过程，一共查询10次。
S0C    S1C    S0U    S1U      EC       EU        OC         OU       MC     MU    CCSC   CCSU   YGC     YGCT    FGC    FGCT     GCT   
10752.0 10752.0  0.0   5858.8 65536.0  22814.8   175104.0    152.0    16896.0 16391.7 2048.0 1896.0      1    0.010   0      0.000    0.010
    - SOC:Survivor 0的总容量    S0U：就是他的使用容量
    - S1C:Survivor 1的总容量    S1U：就是他的使用容量
    - EC：Eden区的总容量   EU：就是他的使用容量
    - OC ：老年代的总容量        OU：老年代的使用容量
    - YGC：young gc次数   YGCT：young gc使用时间
    - FGC：full gc次数  FGCT：full gc使用时间
    - GCT：gc使用总时间


## jinfo
- 可以查看是调整虚拟机的参数
- jinfo -flag 虚拟机参数 java进程数： 查看某一个虚拟机参数的值

chenyunbin@chenyunbindeMacBook-Pro 我的idea项目 % jinfo -flag ReservedCodeCacheSize 20272
-XX:ReservedCodeCacheSize=251658240

- jinfo -flag name=虚拟机参数值，可以修改一些参数值

## jmap ***
- 用于生成堆转储快照，主要用于查询 java堆和元空间的详细信息，如：空间使用率、当前使用的那个收集器。
- jmap： jmap [option] <pid>
    - jmap -histo pid | head -n20   查看堆内存中的存活对象，并按空间排序
    - jmap -histo:live pid  打印java对象堆（存活）的直方图 
        - jmap -dump:format=b,file=heap 7276：使用hprof二进制形式,输出jvm的heap内容到文件中（文件可以指定）
            - 通过**JVisualVM工具**导入dump出来的堆内存文件，同样可以看到各个对象所占空间 
    - jmap -heap pid：查看堆的空间分布，垃圾回收器的使用情况.
        - 如：年轻代eden s0 s1、 老年代、 元空间、 总容量和使用容量； 年轻代使用的什么gc收集器，老年代使用的什么收集器。
    
    
```    
展示了 实例数，占用字节数，对应的class name

chenyunbin@chenyunbindeMacBook-Pro 我的idea项目 % jmap -histo 72154 | head -n20
    
     num     #instances         #bytes  class name
    ----------------------------------------------
       1:        137611       38387232  [B
       2:        173206       22457856  [C
       3:        134681        3232344  java.lang.String
       4:          7919        2277384  [I
       5:         18223        1603624  java.lang.reflect.Method
       6:          9666        1065120  java.lang.Class
       7:         25383        1015320  java.util.LinkedHashMap$Entry
       8:         26190         838080  java.util.concurrent.ConcurrentHashMap$Node
       9:         16551         762280  [Ljava.lang.Object;
      10:          7544         718000  [Ljava.util.HashMap$Node;
      11:         20263         648416  java.lang.ref.WeakReference
      12:         12735         528440  [Ljava.lang.String;
      13:          7846         439376  java.util.LinkedHashMap
      14:         13172         421504  java.io.File
      15:         10320         412800  org.springframework.boot.devtools.filewatch.FileSnapshot
      16:         16195         366368  [Ljava.lang.Class;
      17:         11135         356320  java.util.HashMap$Node


[C is a char[]
[S is a short[]
[I is a int[]
[B is a byte[]
[[I is a int[][]
```
    


## jstack ***
- jvm当前时刻的线程快照。就是当前的jvm中每一个线程正在执行的方法堆栈的集合。
如果程序出现了长时间的停顿（线程的死锁，死循环，请求外部资源等待时间过长）我们可以使用该命令来生成dump，进而分析停顿原因。
- Thread.getAllStackTraces 也可以打印线程的堆栈信息



## jhat


# JDK可视化工具
## Jconsole
- "内存"标签页， 相当于可视化的jstat
- "线程"标签页，相当于可视化的jstack


## VisualVM